[
  {
    "id": "HeapReleased",
    "type": "gauge",
    "value": 753664
  },
  {
    "id": "Alloc",
    "type": "gauge",
    "value": 2217080
  },
  {
    "id": "HeapAlloc",
    "type": "gauge",
    "value": 2217080
  },
  {
    "id": "HeapInuse",
    "type": "gauge",
    "value": 2981888
  },
  {
    "id": "Temperature",
    "type": "gauge",
    "value": 25
  },
  {
    "id": "GCSys",
    "type": "gauge",
    "value": 1854632
  },
  {
    "id": "HeapObjects",
    "type": "gauge",
    "value": 11238
  },
  {
    "id": "MSpanSys",
    "type": "gauge",
    "value": 81600
  },
  {
    "id": "HeapIdle",
    "type": "gauge",
    "value": 753664
  },
  {
    "id": "NumForcedGC",
    "type": "gauge",
    "value": 0
  },
  {
    "id": "HeapSys",
    "type": "gauge",
    "value": 3735552
  },
  {
    "id": "StackInuse",
    "type": "gauge",
    "value": 458752
  },
  {
    "id": "LastGC",
    "type": "gauge",
    "value": 0
  },
  {
    "id": "Mallocs",
    "type": "gauge",
    "value": 11654
  },
  {
    "id": "NumGC",
    "type": "gauge",
    "value": 0
  },
  {
    "id": "MSpanInuse",
    "type": "gauge",
    "value": 65440
  },
  {
    "id": "NextGC",
    "type": "gauge",
    "value": 4194304
  },
  {
    "id": "RandomValue",
    "type": "gauge",
    "value": 0.5889807445515707
  },
  {
    "id": "Lookups",
    "type": "gauge",
    "value": 0
  },
  {
    "id": "OtherSys",
    "type": "gauge",
    "value": 723841
  },
  {
    "id": "Frees",
    "type": "gauge",
    "value": 416
  },
  {
    "id": "Sys",
    "type": "gauge",
    "value": 6904848
  },
  {
    "id": "PauseTotalNs",
    "type": "gauge",
    "value": 0
  },
  {
    "id": "MCacheSys",
    "type": "gauge",
    "value": 47112
  },
  {
    "id": "BuckHashSys",
    "type": "gauge",
    "value": 3359
  },
  {
    "id": "GCCPUFraction",
    "type": "gauge",
    "value": 0
  },
  {
    "id": "TotalAlloc",
    "type": "gauge",
    "value": 2217080
  },
  {
    "id": "StackSys",
    "type": "gauge",
    "value": 458752
  },
  {
    "id": "MCacheInuse",
    "type": "gauge",
    "value": 33824
  },
  {
    "id": "PollCount",
    "type": "counter",
    "delta": 120
  }
]{"id":"Temperature","type":"gauge","value":25}
{"id":"NumForcedGC","type":"gauge","value":0}
{"id":"Frees","type":"gauge","value":416}
{"id":"HeapObjects","type":"gauge","value":11238}
{"id":"MSpanSys","type":"gauge","value":81600}
{"id":"Mallocs","type":"gauge","value":11654}
{"id":"OtherSys","type":"gauge","value":892177}
{"id":"Sys","type":"gauge","value":6904848}
{"id":"Alloc","type":"gauge","value":2217080}
{"id":"StackInuse","type":"gauge","value":458752}
{"id":"RandomValue","type":"gauge","value":0.5889807445515707}
{"id":"GCCPUFraction","type":"gauge","value":0}
{"id":"GCSys","type":"gauge","value":1854632}
{"id":"LastGC","type":"gauge","value":0}
{"id":"TotalAlloc","type":"gauge","value":2217080}
{"id":"HeapIdle","type":"gauge","value":753664}
{"id":"NumGC","type":"gauge","value":0}
{"id":"HeapReleased","type":"gauge","value":753664}
{"id":"NextGC","type":"gauge","value":4194304}
{"id":"Lookups","type":"gauge","value":0}
{"id":"MCacheSys","type":"gauge","value":47112}
{"id":"BuckHashSys","type":"gauge","value":3359}
{"id":"StackSys","type":"gauge","value":458752}
{"id":"HeapAlloc","type":"gauge","value":2217080}
{"id":"HeapSys","type":"gauge","value":3735552}
{"id":"MSpanInuse","type":"gauge","value":65440}
{"id":"PauseTotalNs","type":"gauge","value":0}
{"id":"MCacheInuse","type":"gauge","value":33824}
{"id":"HeapInuse","type":"gauge","value":2981888}
{"id":"PollCount","type":"counter","delta":120}
{"id":"LastGC","type":"gauge","value":0}
{"id":"TotalAlloc","type":"gauge","value":2217080}
{"id":"HeapIdle","type":"gauge","value":753664}
{"id":"NumGC","type":"gauge","value":0}
{"id":"HeapReleased","type":"gauge","value":753664}
{"id":"NextGC","type":"gauge","value":4194304}
{"id":"Lookups","type":"gauge","value":0}
{"id":"MCacheSys","type":"gauge","value":47112}
{"id":"BuckHashSys","type":"gauge","value":3359}
{"id":"StackSys","type":"gauge","value":458752}
{"id":"HeapAlloc","type":"gauge","value":2217080}
{"id":"HeapSys","type":"gauge","value":3735552}
{"id":"MSpanInuse","type":"gauge","value":65440}
{"id":"PauseTotalNs","type":"gauge","value":0}
{"id":"MCacheInuse","type":"gauge","value":33824}
{"id":"HeapInuse","type":"gauge","value":2981888}
{"id":"Temperature","type":"gauge","value":25}
{"id":"NumForcedGC","type":"gauge","value":0}
{"id":"Frees","type":"gauge","value":416}
{"id":"HeapObjects","type":"gauge","value":11238}
{"id":"MSpanSys","type":"gauge","value":81600}
{"id":"Mallocs","type":"gauge","value":11654}
{"id":"OtherSys","type":"gauge","value":892177}
{"id":"Sys","type":"gauge","value":6904848}
{"id":"Alloc","type":"gauge","value":2217080}
{"id":"StackInuse","type":"gauge","value":458752}
{"id":"RandomValue","type":"gauge","value":0.5889807445515707}
{"id":"GCCPUFraction","type":"gauge","value":0}
{"id":"GCSys","type":"gauge","value":1854632}
{"id":"PollCount","type":"counter","delta":120}
{"id":"HeapAlloc","type":"gauge","value":2217080}
{"id":"HeapSys","type":"gauge","value":3735552}
{"id":"MSpanInuse","type":"gauge","value":65440}
{"id":"PauseTotalNs","type":"gauge","value":0}
{"id":"MCacheInuse","type":"gauge","value":33824}
{"id":"HeapInuse","type":"gauge","value":2981888}
{"id":"Temperature","type":"gauge","value":25}
{"id":"NumForcedGC","type":"gauge","value":0}
{"id":"Frees","type":"gauge","value":416}
{"id":"HeapObjects","type":"gauge","value":11238}
{"id":"MSpanSys","type":"gauge","value":81600}
{"id":"Mallocs","type":"gauge","value":11654}
{"id":"OtherSys","type":"gauge","value":892177}
{"id":"Sys","type":"gauge","value":6904848}
{"id":"Alloc","type":"gauge","value":2217080}
{"id":"StackInuse","type":"gauge","value":393216}
{"id":"RandomValue","type":"gauge","value":0.5889807445515707}
{"id":"GCCPUFraction","type":"gauge","value":0}
{"id":"GCSys","type":"gauge","value":1854632}
{"id":"LastGC","type":"gauge","value":0}
{"id":"TotalAlloc","type":"gauge","value":2217080}
{"id":"HeapIdle","type":"gauge","value":753664}
{"id":"NumGC","type":"gauge","value":0}
{"id":"HeapReleased","type":"gauge","value":753664}
{"id":"NextGC","type":"gauge","value":4194304}
{"id":"Lookups","type":"gauge","value":0}
{"id":"MCacheSys","type":"gauge","value":47112}
{"id":"BuckHashSys","type":"gauge","value":3359}
{"id":"StackSys","type":"gauge","value":458752}
{"id":"PollCount","type":"counter","delta":120}
{"id":"Lookups","type":"gauge","value":0}
{"id":"MCacheSys","type":"gauge","value":47112}
{"id":"BuckHashSys","type":"gauge","value":3359}
{"id":"StackSys","type":"gauge","value":458752}
{"id":"HeapAlloc","type":"gauge","value":2217080}
{"id":"HeapSys","type":"gauge","value":3735552}
{"id":"MSpanInuse","type":"gauge","value":65440}
{"id":"PauseTotalNs","type":"gauge","value":0}
{"id":"MCacheInuse","type":"gauge","value":33824}
{"id":"HeapInuse","type":"gauge","value":2981888}
{"id":"Temperature","type":"gauge","value":25}
{"id":"NumForcedGC","type":"gauge","value":0}
{"id":"Frees","type":"gauge","value":416}
{"id":"HeapObjects","type":"gauge","value":11238}
{"id":"MSpanSys","type":"gauge","value":81600}
{"id":"Mallocs","type":"gauge","value":11654}
{"id":"OtherSys","type":"gauge","value":892177}
{"id":"Sys","type":"gauge","value":6904848}
{"id":"Alloc","type":"gauge","value":2217080}
{"id":"StackInuse","type":"gauge","value":393216}
{"id":"RandomValue","type":"gauge","value":0.5889807445515707}
{"id":"GCCPUFraction","type":"gauge","value":0}
{"id":"GCSys","type":"gauge","value":1854632}
{"id":"LastGC","type":"gauge","value":0}
{"id":"TotalAlloc","type":"gauge","value":439808}
{"id":"HeapIdle","type":"gauge","value":753664}
{"id":"NumGC","type":"gauge","value":0}
{"id":"HeapReleased","type":"gauge","value":753664}
{"id":"NextGC","type":"gauge","value":4194304}
{"id":"PollCount","type":"counter","delta":120}
{"id":"HeapReleased","type":"gauge","value":753664}
{"id":"NextGC","type":"gauge","value":4194304}
{"id":"Lookups","type":"gauge","value":0}
{"id":"MCacheSys","type":"gauge","value":47112}
{"id":"BuckHashSys","type":"gauge","value":3359}
{"id":"StackSys","type":"gauge","value":458752}
{"id":"HeapAlloc","type":"gauge","value":2217080}
{"id":"HeapSys","type":"gauge","value":3735552}
{"id":"MSpanInuse","type":"gauge","value":65440}
{"id":"PauseTotalNs","type":"gauge","value":0}
{"id":"MCacheInuse","type":"gauge","value":33824}
{"id":"HeapInuse","type":"gauge","value":2981888}
{"id":"Temperature","type":"gauge","value":25}
{"id":"NumForcedGC","type":"gauge","value":0}
{"id":"Frees","type":"gauge","value":416}
{"id":"HeapObjects","type":"gauge","value":11238}
{"id":"MSpanSys","type":"gauge","value":81600}
{"id":"Mallocs","type":"gauge","value":11654}
{"id":"OtherSys","type":"gauge","value":892177}
{"id":"Sys","type":"gauge","value":6904848}
{"id":"Alloc","type":"gauge","value":2217080}
{"id":"StackInuse","type":"gauge","value":393216}
{"id":"RandomValue","type":"gauge","value":0.5889807445515707}
{"id":"GCCPUFraction","type":"gauge","value":0}
{"id":"GCSys","type":"gauge","value":1854632}
{"id":"LastGC","type":"gauge","value":0}
{"id":"TotalAlloc","type":"gauge","value":439808}
{"id":"HeapIdle","type":"gauge","value":753664}
{"id":"NumGC","type":"gauge","value":0}
{"id":"PollCount","type":"counter","delta":120}
{"id":"HeapInuse","type":"gauge","value":2981888}
{"id":"Temperature","type":"gauge","value":25}
{"id":"NumForcedGC","type":"gauge","value":0}
{"id":"Frees","type":"gauge","value":416}
{"id":"HeapObjects","type":"gauge","value":790}
{"id":"MSpanSys","type":"gauge","value":81600}
{"id":"Mallocs","type":"gauge","value":11654}
{"id":"OtherSys","type":"gauge","value":892177}
{"id":"Sys","type":"gauge","value":6904848}
{"id":"Alloc","type":"gauge","value":2217080}
{"id":"StackInuse","type":"gauge","value":393216}
{"id":"RandomValue","type":"gauge","value":0.5889807445515707}
{"id":"GCCPUFraction","type":"gauge","value":0}
{"id":"GCSys","type":"gauge","value":1854632}
{"id":"LastGC","type":"gauge","value":0}
{"id":"TotalAlloc","type":"gauge","value":439808}
{"id":"HeapIdle","type":"gauge","value":753664}
{"id":"NumGC","type":"gauge","value":0}
{"id":"HeapReleased","type":"gauge","value":753664}
{"id":"NextGC","type":"gauge","value":4194304}
{"id":"Lookups","type":"gauge","value":0}
{"id":"MCacheSys","type":"gauge","value":47112}
{"id":"BuckHashSys","type":"gauge","value":3359}
{"id":"StackSys","type":"gauge","value":458752}
{"id":"HeapAlloc","type":"gauge","value":2217080}
{"id":"HeapSys","type":"gauge","value":3735552}
{"id":"MSpanInuse","type":"gauge","value":65440}
{"id":"PauseTotalNs","type":"gauge","value":0}
{"id":"MCacheInuse","type":"gauge","value":33824}
{"id":"PollCount","type":"counter","delta":120}
{"id":"StackSys","type":"gauge","value":458752}
{"id":"HeapAlloc","type":"gauge","value":2217080}
{"id":"HeapSys","type":"gauge","value":3735552}
{"id":"MSpanInuse","type":"gauge","value":65440}
{"id":"PauseTotalNs","type":"gauge","value":0}
{"id":"MCacheInuse","type":"gauge","value":33824}
{"id":"HeapInuse","type":"gauge","value":2981888}
{"id":"Temperature","type":"gauge","value":25}
{"id":"NumForcedGC","type":"gauge","value":0}
{"id":"Frees","type":"gauge","value":416}
{"id":"HeapObjects","type":"gauge","value":790}
{"id":"MSpanSys","type":"gauge","value":81600}
{"id":"Mallocs","type":"gauge","value":11654}
{"id":"OtherSys","type":"gauge","value":892177}
{"id":"Sys","type":"gauge","value":6904848}
{"id":"Alloc","type":"gauge","value":2217080}
{"id":"StackInuse","type":"gauge","value":393216}
{"id":"RandomValue","type":"gauge","value":0.5889807445515707}
{"id":"GCCPUFraction","type":"gauge","value":0}
{"id":"GCSys","type":"gauge","value":1854632}
{"id":"LastGC","type":"gauge","value":0}
{"id":"TotalAlloc","type":"gauge","value":439808}
{"id":"HeapIdle","type":"gauge","value":753664}
{"id":"NumGC","type":"gauge","value":0}
{"id":"HeapReleased","type":"gauge","value":753664}
{"id":"NextGC","type":"gauge","value":4194304}
{"id":"Lookups","type":"gauge","value":0}
{"id":"MCacheSys","type":"gauge","value":47112}
{"id":"BuckHashSys","type":"gauge","value":3359}
{"id":"PollCount","type":"counter","delta":120}
{"id":"HeapAlloc","type":"gauge","value":2217080}
{"id":"HeapSys","type":"gauge","value":3735552}
{"id":"MSpanInuse","type":"gauge","value":65440}
{"id":"PauseTotalNs","type":"gauge","value":0}
{"id":"MCacheInuse","type":"gauge","value":33824}
{"id":"HeapInuse","type":"gauge","value":2981888}
{"id":"Temperature","type":"gauge","value":25}
{"id":"NumForcedGC","type":"gauge","value":0}
{"id":"Frees","type":"gauge","value":416}
{"id":"HeapObjects","type":"gauge","value":790}
{"id":"MSpanSys","type":"gauge","value":81600}
{"id":"Mallocs","type":"gauge","value":11654}
{"id":"OtherSys","type":"gauge","value":892177}
{"id":"Sys","type":"gauge","value":6904848}
{"id":"Alloc","type":"gauge","value":2217080}
{"id":"StackInuse","type":"gauge","value":393216}
{"id":"RandomValue","type":"gauge","value":0.5889807445515707}
{"id":"GCCPUFraction","type":"gauge","value":0}
{"id":"GCSys","type":"gauge","value":1854632}
{"id":"LastGC","type":"gauge","value":0}
{"id":"TotalAlloc","type":"gauge","value":439808}
{"id":"HeapIdle","type":"gauge","value":753664}
{"id":"NumGC","type":"gauge","value":0}
{"id":"HeapReleased","type":"gauge","value":753664}
{"id":"NextGC","type":"gauge","value":4194304}
{"id":"Lookups","type":"gauge","value":0}
{"id":"MCacheSys","type":"gauge","value":47112}
{"id":"BuckHashSys","type":"gauge","value":3359}
{"id":"StackSys","type":"gauge","value":458752}
{"id":"PollCount","type":"counter","delta":120}
{"id":"HeapReleased","type":"gauge","value":753664}
{"id":"NextGC","type":"gauge","value":4194304}
{"id":"Lookups","type":"gauge","value":0}
{"id":"MCacheSys","type":"gauge","value":47112}
{"id":"BuckHashSys","type":"gauge","value":3359}
{"id":"StackSys","type":"gauge","value":458752}
{"id":"HeapAlloc","type":"gauge","value":2217080}
{"id":"HeapSys","type":"gauge","value":3735552}
{"id":"MSpanInuse","type":"gauge","value":65440}
{"id":"PauseTotalNs","type":"gauge","value":0}
{"id":"MCacheInuse","type":"gauge","value":33824}
{"id":"HeapInuse","type":"gauge","value":2981888}
{"id":"Temperature","type":"gauge","value":25}
{"id":"NumForcedGC","type":"gauge","value":0}
{"id":"Frees","type":"gauge","value":416}
{"id":"HeapObjects","type":"gauge","value":790}
{"id":"MSpanSys","type":"gauge","value":81600}
{"id":"Mallocs","type":"gauge","value":11654}
{"id":"OtherSys","type":"gauge","value":892177}
{"id":"Sys","type":"gauge","value":6904848}
{"id":"Alloc","type":"gauge","value":2217080}
{"id":"StackInuse","type":"gauge","value":393216}
{"id":"RandomValue","type":"gauge","value":0.5889807445515707}
{"id":"GCCPUFraction","type":"gauge","value":0}
{"id":"GCSys","type":"gauge","value":1854632}
{"id":"LastGC","type":"gauge","value":0}
{"id":"TotalAlloc","type":"gauge","value":439808}
{"id":"HeapIdle","type":"gauge","value":753664}
{"id":"NumGC","type":"gauge","value":0}
{"id":"PollCount","type":"counter","delta":120}
{"id":"HeapReleased","type":"gauge","value":753664}
{"id":"NextGC","type":"gauge","value":4194304}
{"id":"Lookups","type":"gauge","value":0}
{"id":"MCacheSys","type":"gauge","value":47112}
{"id":"BuckHashSys","type":"gauge","value":3359}
{"id":"StackSys","type":"gauge","value":393216}
{"id":"HeapAlloc","type":"gauge","value":2217080}
{"id":"HeapSys","type":"gauge","value":3735552}
{"id":"MSpanInuse","type":"gauge","value":65440}
{"id":"PauseTotalNs","type":"gauge","value":0}
{"id":"MCacheInuse","type":"gauge","value":33824}
{"id":"HeapInuse","type":"gauge","value":2981888}
{"id":"Temperature","type":"gauge","value":25}
{"id":"NumForcedGC","type":"gauge","value":0}
{"id":"Frees","type":"gauge","value":416}
{"id":"HeapObjects","type":"gauge","value":790}
{"id":"MSpanSys","type":"gauge","value":81600}
{"id":"Mallocs","type":"gauge","value":11654}
{"id":"OtherSys","type":"gauge","value":892177}
{"id":"Sys","type":"gauge","value":6904848}
{"id":"Alloc","type":"gauge","value":2217080}
{"id":"StackInuse","type":"gauge","value":393216}
{"id":"RandomValue","type":"gauge","value":0.5889807445515707}
{"id":"GCCPUFraction","type":"gauge","value":0}
{"id":"GCSys","type":"gauge","value":1854632}
{"id":"LastGC","type":"gauge","value":0}
{"id":"TotalAlloc","type":"gauge","value":439808}
{"id":"HeapIdle","type":"gauge","value":753664}
{"id":"NumGC","type":"gauge","value":0}
{"id":"PollCount","type":"counter","delta":120}
{"id":"HeapIdle","type":"gauge","value":753664}
{"id":"NumGC","type":"gauge","value":0}
{"id":"HeapReleased","type":"gauge","value":753664}
{"id":"NextGC","type":"gauge","value":4194304}
{"id":"Lookups","type":"gauge","value":0}
{"id":"MCacheSys","type":"gauge","value":47112}
{"id":"BuckHashSys","type":"gauge","value":3359}
{"id":"StackSys","type":"gauge","value":393216}
{"id":"HeapAlloc","type":"gauge","value":2217080}
{"id":"HeapSys","type":"gauge","value":3735552}
{"id":"MSpanInuse","type":"gauge","value":65440}
{"id":"PauseTotalNs","type":"gauge","value":0}
{"id":"MCacheInuse","type":"gauge","value":33824}
{"id":"HeapInuse","type":"gauge","value":2981888}
{"id":"Temperature","type":"gauge","value":25}
{"id":"NumForcedGC","type":"gauge","value":0}
{"id":"Frees","type":"gauge","value":416}
{"id":"HeapObjects","type":"gauge","value":790}
{"id":"MSpanSys","type":"gauge","value":81600}
{"id":"Mallocs","type":"gauge","value":11654}
{"id":"OtherSys","type":"gauge","value":892177}
{"id":"Sys","type":"gauge","value":6904848}
{"id":"Alloc","type":"gauge","value":2217080}
{"id":"StackInuse","type":"gauge","value":393216}
{"id":"RandomValue","type":"gauge","value":0.5889807445515707}
{"id":"GCCPUFraction","type":"gauge","value":0}
{"id":"GCSys","type":"gauge","value":1854632}
{"id":"LastGC","type":"gauge","value":0}
{"id":"TotalAlloc","type":"gauge","value":439808}
{"id":"PollCount","type":"counter","delta":120}
{"id":"MCacheSys","type":"gauge","value":47112}
{"id":"BuckHashSys","type":"gauge","value":3359}
{"id":"StackSys","type":"gauge","value":393216}
{"id":"HeapAlloc","type":"gauge","value":2217080}
{"id":"HeapSys","type":"gauge","value":3735552}
{"id":"MSpanInuse","type":"gauge","value":65440}
{"id":"PauseTotalNs","type":"gauge","value":0}
{"id":"MCacheInuse","type":"gauge","value":33824}
{"id":"HeapInuse","type":"gauge","value":2981888}
{"id":"Temperature","type":"gauge","value":25}
{"id":"NumForcedGC","type":"gauge","value":0}
{"id":"Frees","type":"gauge","value":416}
{"id":"HeapObjects","type":"gauge","value":790}
{"id":"MSpanSys","type":"gauge","value":81600}
{"id":"Mallocs","type":"gauge","value":11654}
{"id":"OtherSys","type":"gauge","value":892177}
{"id":"Sys","type":"gauge","value":6904848}
{"id":"Alloc","type":"gauge","value":2217080}
{"id":"StackInuse","type":"gauge","value":393216}
{"id":"RandomValue","type":"gauge","value":0.8521622807442931}
{"id":"GCCPUFraction","type":"gauge","value":0}
{"id":"GCSys","type":"gauge","value":1854632}
{"id":"LastGC","type":"gauge","value":0}
{"id":"TotalAlloc","type":"gauge","value":439808}
{"id":"HeapIdle","type":"gauge","value":753664}
{"id":"NumGC","type":"gauge","value":0}
{"id":"HeapReleased","type":"gauge","value":753664}
{"id":"NextGC","type":"gauge","value":4194304}
{"id":"Lookups","type":"gauge","value":0}
{"id":"PollCount","type":"counter","delta":120}
{"id":"Mallocs","type":"gauge","value":11654}
{"id":"OtherSys","type":"gauge","value":892177}
{"id":"Sys","type":"gauge","value":6904848}
{"id":"Alloc","type":"gauge","value":439808}
{"id":"StackInuse","type":"gauge","value":393216}
{"id":"RandomValue","type":"gauge","value":0.8521622807442931}
{"id":"GCCPUFraction","type":"gauge","value":0}
{"id":"GCSys","type":"gauge","value":1854632}
{"id":"LastGC","type":"gauge","value":0}
{"id":"TotalAlloc","type":"gauge","value":439808}
{"id":"HeapIdle","type":"gauge","value":753664}
{"id":"NumGC","type":"gauge","value":0}
{"id":"HeapReleased","type":"gauge","value":753664}
{"id":"NextGC","type":"gauge","value":4194304}
{"id":"Lookups","type":"gauge","value":0}
{"id":"MCacheSys","type":"gauge","value":47112}
{"id":"BuckHashSys","type":"gauge","value":3359}
{"id":"StackSys","type":"gauge","value":393216}
{"id":"HeapAlloc","type":"gauge","value":2217080}
{"id":"HeapSys","type":"gauge","value":3735552}
{"id":"MSpanInuse","type":"gauge","value":65440}
{"id":"PauseTotalNs","type":"gauge","value":0}
{"id":"MCacheInuse","type":"gauge","value":33824}
{"id":"HeapInuse","type":"gauge","value":2981888}
{"id":"Temperature","type":"gauge","value":25}
{"id":"NumForcedGC","type":"gauge","value":0}
{"id":"Frees","type":"gauge","value":416}
{"id":"HeapObjects","type":"gauge","value":790}
{"id":"MSpanSys","type":"gauge","value":81600}
{"id":"PollCount","type":"counter","delta":120}
{"id":"PauseTotalNs","type":"gauge","value":0}
{"id":"MCacheInuse","type":"gauge","value":33824}
{"id":"HeapInuse","type":"gauge","value":2981888}
{"id":"Temperature","type":"gauge","value":25}
{"id":"NumForcedGC","type":"gauge","value":0}
{"id":"Frees","type":"gauge","value":416}
{"id":"HeapObjects","type":"gauge","value":790}
{"id":"MSpanSys","type":"gauge","value":81600}
{"id":"Mallocs","type":"gauge","value":11654}
{"id":"OtherSys","type":"gauge","value":892177}
{"id":"Sys","type":"gauge","value":6904848}
{"id":"Alloc","type":"gauge","value":439808}
{"id":"StackInuse","type":"gauge","value":393216}
{"id":"RandomValue","type":"gauge","value":0.8521622807442931}
{"id":"GCCPUFraction","type":"gauge","value":0}
{"id":"GCSys","type":"gauge","value":1854632}
{"id":"LastGC","type":"gauge","value":0}
{"id":"TotalAlloc","type":"gauge","value":439808}
{"id":"HeapIdle","type":"gauge","value":753664}
{"id":"NumGC","type":"gauge","value":0}
{"id":"HeapReleased","type":"gauge","value":753664}
{"id":"NextGC","type":"gauge","value":4194304}
{"id":"Lookups","type":"gauge","value":0}
{"id":"MCacheSys","type":"gauge","value":47112}
{"id":"BuckHashSys","type":"gauge","value":3359}
{"id":"StackSys","type":"gauge","value":393216}
{"id":"HeapAlloc","type":"gauge","value":2217080}
{"id":"HeapSys","type":"gauge","value":3801088}
{"id":"MSpanInuse","type":"gauge","value":65440}
{"id":"PollCount","type":"counter","delta":120}
{"id":"HeapIdle","type":"gauge","value":753664}
{"id":"NumGC","type":"gauge","value":0}
{"id":"HeapReleased","type":"gauge","value":753664}
{"id":"NextGC","type":"gauge","value":4194304}
{"id":"Lookups","type":"gauge","value":0}
{"id":"MCacheSys","type":"gauge","value":47112}
{"id":"BuckHashSys","type":"gauge","value":3359}
{"id":"StackSys","type":"gauge","value":393216}
{"id":"HeapAlloc","type":"gauge","value":2217080}
{"id":"HeapSys","type":"gauge","value":3801088}
{"id":"MSpanInuse","type":"gauge","value":65440}
{"id":"PauseTotalNs","type":"gauge","value":0}
{"id":"MCacheInuse","type":"gauge","value":33824}
{"id":"HeapInuse","type":"gauge","value":2981888}
{"id":"Temperature","type":"gauge","value":25}
{"id":"NumForcedGC","type":"gauge","value":0}
{"id":"Frees","type":"gauge","value":416}
{"id":"HeapObjects","type":"gauge","value":790}
{"id":"MSpanSys","type":"gauge","value":81600}
{"id":"Mallocs","type":"gauge","value":11654}
{"id":"OtherSys","type":"gauge","value":892177}
{"id":"Sys","type":"gauge","value":6904848}
{"id":"Alloc","type":"gauge","value":439808}
{"id":"StackInuse","type":"gauge","value":393216}
{"id":"RandomValue","type":"gauge","value":0.8521622807442931}
{"id":"GCCPUFraction","type":"gauge","value":0}
{"id":"GCSys","type":"gauge","value":1854632}
{"id":"LastGC","type":"gauge","value":0}
{"id":"TotalAlloc","type":"gauge","value":439808}
{"id":"PollCount","type":"counter","delta":120}
{"id":"HeapIdle","type":"gauge","value":753664}
{"id":"NumGC","type":"gauge","value":0}
{"id":"HeapReleased","type":"gauge","value":753664}
{"id":"NextGC","type":"gauge","value":4194304}
{"id":"Lookups","type":"gauge","value":0}
{"id":"MCacheSys","type":"gauge","value":47112}
{"id":"BuckHashSys","type":"gauge","value":3359}
{"id":"StackSys","type":"gauge","value":393216}
{"id":"HeapAlloc","type":"gauge","value":2217080}
{"id":"HeapSys","type":"gauge","value":3801088}
{"id":"MSpanInuse","type":"gauge","value":65440}
{"id":"PauseTotalNs","type":"gauge","value":0}
{"id":"MCacheInuse","type":"gauge","value":33824}
{"id":"HeapInuse","type":"gauge","value":2981888}
{"id":"Temperature","type":"gauge","value":25}
{"id":"NumForcedGC","type":"gauge","value":0}
{"id":"Frees","type":"gauge","value":416}
{"id":"HeapObjects","type":"gauge","value":790}
{"id":"MSpanSys","type":"gauge","value":81600}
{"id":"Mallocs","type":"gauge","value":11654}
{"id":"OtherSys","type":"gauge","value":892177}
{"id":"Sys","type":"gauge","value":6904848}
{"id":"Alloc","type":"gauge","value":439808}
{"id":"StackInuse","type":"gauge","value":393216}
{"id":"RandomValue","type":"gauge","value":0.8521622807442931}
{"id":"GCCPUFraction","type":"gauge","value":0}
{"id":"GCSys","type":"gauge","value":1854632}
{"id":"LastGC","type":"gauge","value":0}
{"id":"TotalAlloc","type":"gauge","value":439808}
{"id":"PollCount","type":"counter","delta":120}
{"id":"HeapReleased","type":"gauge","value":753664}
{"id":"NextGC","type":"gauge","value":4194304}
{"id":"Lookups","type":"gauge","value":0}
{"id":"MCacheSys","type":"gauge","value":47112}
{"id":"BuckHashSys","type":"gauge","value":3359}
{"id":"StackSys","type":"gauge","value":393216}
{"id":"HeapAlloc","type":"gauge","value":2217080}
{"id":"HeapSys","type":"gauge","value":3801088}
{"id":"MSpanInuse","type":"gauge","value":65440}
{"id":"PauseTotalNs","type":"gauge","value":0}
{"id":"MCacheInuse","type":"gauge","value":33824}
{"id":"HeapInuse","type":"gauge","value":2981888}
{"id":"Temperature","type":"gauge","value":25}
{"id":"NumForcedGC","type":"gauge","value":0}
{"id":"Frees","type":"gauge","value":30}
{"id":"HeapObjects","type":"gauge","value":790}
{"id":"MSpanSys","type":"gauge","value":81600}
{"id":"Mallocs","type":"gauge","value":11654}
{"id":"OtherSys","type":"gauge","value":892177}
{"id":"Sys","type":"gauge","value":6904848}
{"id":"Alloc","type":"gauge","value":439808}
{"id":"StackInuse","type":"gauge","value":393216}
{"id":"RandomValue","type":"gauge","value":0.8521622807442931}
{"id":"GCCPUFraction","type":"gauge","value":0}
{"id":"GCSys","type":"gauge","value":1854632}
{"id":"LastGC","type":"gauge","value":0}
{"id":"TotalAlloc","type":"gauge","value":439808}
{"id":"HeapIdle","type":"gauge","value":753664}
{"id":"NumGC","type":"gauge","value":0}
{"id":"PollCount","type":"counter","delta":120}
{"id":"StackSys","type":"gauge","value":393216}
{"id":"HeapAlloc","type":"gauge","value":2217080}
{"id":"HeapSys","type":"gauge","value":3801088}
{"id":"MSpanInuse","type":"gauge","value":65440}
{"id":"PauseTotalNs","type":"gauge","value":0}
{"id":"MCacheInuse","type":"gauge","value":33824}
{"id":"HeapInuse","type":"gauge","value":2981888}
{"id":"Temperature","type":"gauge","value":25}
{"id":"NumForcedGC","type":"gauge","value":0}
{"id":"Frees","type":"gauge","value":30}
{"id":"HeapObjects","type":"gauge","value":790}
{"id":"MSpanSys","type":"gauge","value":81600}
{"id":"Mallocs","type":"gauge","value":11654}
{"id":"OtherSys","type":"gauge","value":892177}
{"id":"Sys","type":"gauge","value":6904848}
{"id":"Alloc","type":"gauge","value":439808}
{"id":"StackInuse","type":"gauge","value":393216}
{"id":"RandomValue","type":"gauge","value":0.8521622807442931}
{"id":"GCCPUFraction","type":"gauge","value":0}
{"id":"GCSys","type":"gauge","value":1854632}
{"id":"LastGC","type":"gauge","value":0}
{"id":"TotalAlloc","type":"gauge","value":439808}
{"id":"HeapIdle","type":"gauge","value":753664}
{"id":"NumGC","type":"gauge","value":0}
{"id":"HeapReleased","type":"gauge","value":753664}
{"id":"NextGC","type":"gauge","value":4194304}
{"id":"Lookups","type":"gauge","value":0}
{"id":"MCacheSys","type":"gauge","value":47112}
{"id":"BuckHashSys","type":"gauge","value":3359}
{"id":"PollCount","type":"counter","delta":120}
{"id":"MCacheSys","type":"gauge","value":47112}
{"id":"BuckHashSys","type":"gauge","value":3359}
{"id":"StackSys","type":"gauge","value":393216}
{"id":"HeapAlloc","type":"gauge","value":2217080}
{"id":"HeapSys","type":"gauge","value":3801088}
{"id":"MSpanInuse","type":"gauge","value":65440}
{"id":"PauseTotalNs","type":"gauge","value":0}
{"id":"MCacheInuse","type":"gauge","value":33824}
{"id":"HeapInuse","type":"gauge","value":2981888}
{"id":"Temperature","type":"gauge","value":25}
{"id":"NumForcedGC","type":"gauge","value":0}
{"id":"Frees","type":"gauge","value":30}
{"id":"HeapObjects","type":"gauge","value":790}
{"id":"MSpanSys","type":"gauge","value":81600}
{"id":"Mallocs","type":"gauge","value":11654}
{"id":"OtherSys","type":"gauge","value":892177}
{"id":"Sys","type":"gauge","value":6904848}
{"id":"Alloc","type":"gauge","value":439808}
{"id":"StackInuse","type":"gauge","value":393216}
{"id":"RandomValue","type":"gauge","value":0.8521622807442931}
{"id":"GCCPUFraction","type":"gauge","value":0}
{"id":"GCSys","type":"gauge","value":1718936}
{"id":"LastGC","type":"gauge","value":0}
{"id":"TotalAlloc","type":"gauge","value":439808}
{"id":"HeapIdle","type":"gauge","value":753664}
{"id":"NumGC","type":"gauge","value":0}
{"id":"HeapReleased","type":"gauge","value":753664}
{"id":"NextGC","type":"gauge","value":4194304}
{"id":"Lookups","type":"gauge","value":0}
{"id":"PollCount","type":"counter","delta":120}
{"id":"HeapIdle","type":"gauge","value":753664}
{"id":"NumGC","type":"gauge","value":0}
{"id":"HeapReleased","type":"gauge","value":753664}
{"id":"NextGC","type":"gauge","value":4194304}
{"id":"Lookups","type":"gauge","value":0}
{"id":"MCacheSys","type":"gauge","value":47112}
{"id":"BuckHashSys","type":"gauge","value":3359}
{"id":"StackSys","type":"gauge","value":393216}
{"id":"HeapAlloc","type":"gauge","value":439808}
{"id":"HeapSys","type":"gauge","value":3801088}
{"id":"MSpanInuse","type":"gauge","value":65440}
{"id":"PauseTotalNs","type":"gauge","value":0}
{"id":"MCacheInuse","type":"gauge","value":33824}
{"id":"HeapInuse","type":"gauge","value":2981888}
{"id":"Temperature","type":"gauge","value":25}
{"id":"NumForcedGC","type":"gauge","value":0}
{"id":"Frees","type":"gauge","value":30}
{"id":"HeapObjects","type":"gauge","value":790}
{"id":"MSpanSys","type":"gauge","value":81600}
{"id":"Mallocs","type":"gauge","value":11654}
{"id":"OtherSys","type":"gauge","value":892177}
{"id":"Sys","type":"gauge","value":6904848}
{"id":"Alloc","type":"gauge","value":439808}
{"id":"StackInuse","type":"gauge","value":393216}
{"id":"RandomValue","type":"gauge","value":0.8521622807442931}
{"id":"GCCPUFraction","type":"gauge","value":0}
{"id":"GCSys","type":"gauge","value":1718936}
{"id":"LastGC","type":"gauge","value":0}
{"id":"TotalAlloc","type":"gauge","value":439808}
{"id":"PollCount","type":"counter","delta":120}
{"id":"HeapAlloc","type":"gauge","value":439808}
{"id":"HeapSys","type":"gauge","value":3801088}
{"id":"MSpanInuse","type":"gauge","value":65440}
{"id":"PauseTotalNs","type":"gauge","value":0}
{"id":"MCacheInuse","type":"gauge","value":33824}
{"id":"HeapInuse","type":"gauge","value":2981888}
{"id":"Temperature","type":"gauge","value":25}
{"id":"NumForcedGC","type":"gauge","value":0}
{"id":"Frees","type":"gauge","value":30}
{"id":"HeapObjects","type":"gauge","value":790}
{"id":"MSpanSys","type":"gauge","value":81600}
{"id":"Mallocs","type":"gauge","value":11654}
{"id":"OtherSys","type":"gauge","value":892177}
{"id":"Sys","type":"gauge","value":6904848}
{"id":"Alloc","type":"gauge","value":439808}
{"id":"StackInuse","type":"gauge","value":393216}
{"id":"RandomValue","type":"gauge","value":0.8521622807442931}
{"id":"GCCPUFraction","type":"gauge","value":0}
{"id":"GCSys","type":"gauge","value":1718936}
{"id":"LastGC","type":"gauge","value":0}
{"id":"TotalAlloc","type":"gauge","value":439808}
{"id":"HeapIdle","type":"gauge","value":2760704}
{"id":"NumGC","type":"gauge","value":0}
{"id":"HeapReleased","type":"gauge","value":753664}
{"id":"NextGC","type":"gauge","value":4194304}
{"id":"Lookups","type":"gauge","value":0}
{"id":"MCacheSys","type":"gauge","value":47112}
{"id":"BuckHashSys","type":"gauge","value":3359}
{"id":"StackSys","type":"gauge","value":393216}
{"id":"PollCount","type":"counter","delta":120}
{"id":"HeapReleased","type":"gauge","value":753664}
{"id":"NextGC","type":"gauge","value":4194304}
{"id":"Lookups","type":"gauge","value":0}
{"id":"MCacheSys","type":"gauge","value":47112}
{"id":"BuckHashSys","type":"gauge","value":3359}
{"id":"StackSys","type":"gauge","value":393216}
{"id":"HeapAlloc","type":"gauge","value":439808}
{"id":"HeapSys","type":"gauge","value":3801088}
{"id":"MSpanInuse","type":"gauge","value":65440}
{"id":"PauseTotalNs","type":"gauge","value":0}
{"id":"MCacheInuse","type":"gauge","value":33824}
{"id":"HeapInuse","type":"gauge","value":1040384}
{"id":"Temperature","type":"gauge","value":25}
{"id":"NumForcedGC","type":"gauge","value":0}
{"id":"Frees","type":"gauge","value":30}
{"id":"HeapObjects","type":"gauge","value":790}
{"id":"MSpanSys","type":"gauge","value":81600}
{"id":"Mallocs","type":"gauge","value":11654}
{"id":"OtherSys","type":"gauge","value":892177}
{"id":"Sys","type":"gauge","value":6904848}
{"id":"Alloc","type":"gauge","value":439808}
{"id":"StackInuse","type":"gauge","value":393216}
{"id":"RandomValue","type":"gauge","value":0.8521622807442931}
{"id":"GCCPUFraction","type":"gauge","value":0}
{"id":"GCSys","type":"gauge","value":1718936}
{"id":"LastGC","type":"gauge","value":0}
{"id":"TotalAlloc","type":"gauge","value":439808}
{"id":"HeapIdle","type":"gauge","value":2760704}
{"id":"NumGC","type":"gauge","value":0}
{"id":"PollCount","type":"counter","delta":120}
{"id":"OtherSys","type":"gauge","value":892177}
{"id":"Sys","type":"gauge","value":6904848}
{"id":"Alloc","type":"gauge","value":439808}
{"id":"StackInuse","type":"gauge","value":393216}
{"id":"RandomValue","type":"gauge","value":0.8521622807442931}
{"id":"GCCPUFraction","type":"gauge","value":0}
{"id":"GCSys","type":"gauge","value":1718936}
{"id":"LastGC","type":"gauge","value":0}
{"id":"TotalAlloc","type":"gauge","value":439808}
{"id":"HeapIdle","type":"gauge","value":2760704}
{"id":"NumGC","type":"gauge","value":0}
{"id":"HeapReleased","type":"gauge","value":2727936}
{"id":"NextGC","type":"gauge","value":4194304}
{"id":"Lookups","type":"gauge","value":0}
{"id":"MCacheSys","type":"gauge","value":47112}
{"id":"BuckHashSys","type":"gauge","value":3359}
{"id":"StackSys","type":"gauge","value":393216}
{"id":"HeapAlloc","type":"gauge","value":439808}
{"id":"HeapSys","type":"gauge","value":3801088}
{"id":"MSpanInuse","type":"gauge","value":65440}
{"id":"PauseTotalNs","type":"gauge","value":0}
{"id":"MCacheInuse","type":"gauge","value":33824}
{"id":"HeapInuse","type":"gauge","value":1040384}
{"id":"Temperature","type":"gauge","value":25}
{"id":"NumForcedGC","type":"gauge","value":0}
{"id":"Frees","type":"gauge","value":30}
{"id":"HeapObjects","type":"gauge","value":790}
{"id":"MSpanSys","type":"gauge","value":81600}
{"id":"Mallocs","type":"gauge","value":11654}
{"id":"PollCount","type":"counter","delta":120}
{"id":"HeapObjects","type":"gauge","value":790}
{"id":"MSpanSys","type":"gauge","value":81600}
{"id":"Mallocs","type":"gauge","value":11654}
{"id":"OtherSys","type":"gauge","value":892177}
{"id":"Sys","type":"gauge","value":6904848}
{"id":"Alloc","type":"gauge","value":439808}
{"id":"StackInuse","type":"gauge","value":393216}
{"id":"RandomValue","type":"gauge","value":0.8521622807442931}
{"id":"GCCPUFraction","type":"gauge","value":0}
{"id":"GCSys","type":"gauge","value":1718936}
{"id":"LastGC","type":"gauge","value":0}
{"id":"TotalAlloc","type":"gauge","value":439808}
{"id":"HeapIdle","type":"gauge","value":2760704}
{"id":"NumGC","type":"gauge","value":0}
{"id":"HeapReleased","type":"gauge","value":2727936}
{"id":"NextGC","type":"gauge","value":4194304}
{"id":"Lookups","type":"gauge","value":0}
{"id":"MCacheSys","type":"gauge","value":47112}
{"id":"BuckHashSys","type":"gauge","value":3359}
{"id":"StackSys","type":"gauge","value":393216}
{"id":"HeapAlloc","type":"gauge","value":439808}
{"id":"HeapSys","type":"gauge","value":3801088}
{"id":"MSpanInuse","type":"gauge","value":65440}
{"id":"PauseTotalNs","type":"gauge","value":0}
{"id":"MCacheInuse","type":"gauge","value":33824}
{"id":"HeapInuse","type":"gauge","value":1040384}
{"id":"Temperature","type":"gauge","value":25}
{"id":"NumForcedGC","type":"gauge","value":0}
{"id":"Frees","type":"gauge","value":30}
{"id":"PollCount","type":"counter","delta":120}
{"id":"GCCPUFraction","type":"gauge","value":0}
{"id":"GCSys","type":"gauge","value":1718936}
{"id":"LastGC","type":"gauge","value":0}
{"id":"TotalAlloc","type":"gauge","value":439808}
{"id":"HeapIdle","type":"gauge","value":2760704}
{"id":"NumGC","type":"gauge","value":0}
{"id":"HeapReleased","type":"gauge","value":2727936}
{"id":"NextGC","type":"gauge","value":4194304}
{"id":"Lookups","type":"gauge","value":0}
{"id":"MCacheSys","type":"gauge","value":47112}
{"id":"BuckHashSys","type":"gauge","value":3359}
{"id":"StackSys","type":"gauge","value":393216}
{"id":"HeapAlloc","type":"gauge","value":439808}
{"id":"HeapSys","type":"gauge","value":3801088}
{"id":"MSpanInuse","type":"gauge","value":34720}
{"id":"PauseTotalNs","type":"gauge","value":0}
{"id":"MCacheInuse","type":"gauge","value":33824}
{"id":"HeapInuse","type":"gauge","value":1040384}
{"id":"Temperature","type":"gauge","value":25}
{"id":"NumForcedGC","type":"gauge","value":0}
{"id":"Frees","type":"gauge","value":30}
{"id":"HeapObjects","type":"gauge","value":790}
{"id":"MSpanSys","type":"gauge","value":81600}
{"id":"Mallocs","type":"gauge","value":11654}
{"id":"OtherSys","type":"gauge","value":892177}
{"id":"Sys","type":"gauge","value":6904848}
{"id":"Alloc","type":"gauge","value":439808}
{"id":"StackInuse","type":"gauge","value":393216}
{"id":"RandomValue","type":"gauge","value":0.8521622807442931}
{"id":"PollCount","type":"counter","delta":120}
{"id":"HeapAlloc","type":"gauge","value":439808}
{"id":"HeapSys","type":"gauge","value":3801088}
{"id":"MSpanInuse","type":"gauge","value":34720}
{"id":"PauseTotalNs","type":"gauge","value":0}
{"id":"MCacheInuse","type":"gauge","value":33824}
{"id":"HeapInuse","type":"gauge","value":1040384}
{"id":"Temperature","type":"gauge","value":25}
{"id":"NumForcedGC","type":"gauge","value":0}
{"id":"Frees","type":"gauge","value":30}
{"id":"HeapObjects","type":"gauge","value":790}
{"id":"MSpanSys","type":"gauge","value":48960}
{"id":"Mallocs","type":"gauge","value":11654}
{"id":"OtherSys","type":"gauge","value":892177}
{"id":"Sys","type":"gauge","value":6904848}
{"id":"Alloc","type":"gauge","value":439808}
{"id":"StackInuse","type":"gauge","value":393216}
{"id":"RandomValue","type":"gauge","value":0.8521622807442931}
{"id":"GCCPUFraction","type":"gauge","value":0}
{"id":"GCSys","type":"gauge","value":1718936}
{"id":"LastGC","type":"gauge","value":0}
{"id":"TotalAlloc","type":"gauge","value":439808}
{"id":"HeapIdle","type":"gauge","value":2760704}
{"id":"NumGC","type":"gauge","value":0}
{"id":"HeapReleased","type":"gauge","value":2727936}
{"id":"NextGC","type":"gauge","value":4194304}
{"id":"Lookups","type":"gauge","value":0}
{"id":"MCacheSys","type":"gauge","value":47112}
{"id":"BuckHashSys","type":"gauge","value":3359}
{"id":"StackSys","type":"gauge","value":393216}
{"id":"PollCount","type":"counter","delta":120}
{"id":"RandomValue","type":"gauge","value":0.8521622807442931}
{"id":"GCCPUFraction","type":"gauge","value":0}
{"id":"GCSys","type":"gauge","value":1718936}
{"id":"LastGC","type":"gauge","value":0}
{"id":"TotalAlloc","type":"gauge","value":439808}
{"id":"HeapIdle","type":"gauge","value":2760704}
{"id":"NumGC","type":"gauge","value":0}
{"id":"HeapReleased","type":"gauge","value":2727936}
{"id":"NextGC","type":"gauge","value":4194304}
{"id":"Lookups","type":"gauge","value":0}
{"id":"MCacheSys","type":"gauge","value":47112}
{"id":"BuckHashSys","type":"gauge","value":3359}
{"id":"StackSys","type":"gauge","value":393216}
{"id":"HeapAlloc","type":"gauge","value":439808}
{"id":"HeapSys","type":"gauge","value":3801088}
{"id":"MSpanInuse","type":"gauge","value":34720}
{"id":"PauseTotalNs","type":"gauge","value":0}
{"id":"MCacheInuse","type":"gauge","value":33824}
{"id":"HeapInuse","type":"gauge","value":1040384}
{"id":"Temperature","type":"gauge","value":25}
{"id":"NumForcedGC","type":"gauge","value":0}
{"id":"Frees","type":"gauge","value":30}
{"id":"HeapObjects","type":"gauge","value":790}
{"id":"MSpanSys","type":"gauge","value":48960}
{"id":"Mallocs","type":"gauge","value":820}
{"id":"OtherSys","type":"gauge","value":892177}
{"id":"Sys","type":"gauge","value":6904848}
{"id":"Alloc","type":"gauge","value":439808}
{"id":"StackInuse","type":"gauge","value":393216}
{"id":"PollCount","type":"counter","delta":120}
{"id":"Sys","type":"gauge","value":6904848}
{"id":"Alloc","type":"gauge","value":439808}
{"id":"StackInuse","type":"gauge","value":393216}
{"id":"RandomValue","type":"gauge","value":0.8521622807442931}
{"id":"GCCPUFraction","type":"gauge","value":0}
{"id":"GCSys","type":"gauge","value":1718936}
{"id":"LastGC","type":"gauge","value":0}
{"id":"TotalAlloc","type":"gauge","value":439808}
{"id":"HeapIdle","type":"gauge","value":2760704}
{"id":"NumGC","type":"gauge","value":0}
{"id":"HeapReleased","type":"gauge","value":2727936}
{"id":"NextGC","type":"gauge","value":4194304}
{"id":"Lookups","type":"gauge","value":0}
{"id":"MCacheSys","type":"gauge","value":47112}
{"id":"BuckHashSys","type":"gauge","value":3359}
{"id":"StackSys","type":"gauge","value":393216}
{"id":"HeapAlloc","type":"gauge","value":439808}
{"id":"HeapSys","type":"gauge","value":3801088}
{"id":"MSpanInuse","type":"gauge","value":34720}
{"id":"PauseTotalNs","type":"gauge","value":0}
{"id":"MCacheInuse","type":"gauge","value":33824}
{"id":"HeapInuse","type":"gauge","value":1040384}
{"id":"Temperature","type":"gauge","value":25}
{"id":"NumForcedGC","type":"gauge","value":0}
{"id":"Frees","type":"gauge","value":30}
{"id":"HeapObjects","type":"gauge","value":790}
{"id":"MSpanSys","type":"gauge","value":48960}
{"id":"Mallocs","type":"gauge","value":820}
{"id":"OtherSys","type":"gauge","value":892177}
{"id":"PollCount","type":"counter","delta":120}
{"id":"MCacheSys","type":"gauge","value":47112}
{"id":"BuckHashSys","type":"gauge","value":3359}
{"id":"StackSys","type":"gauge","value":393216}
{"id":"HeapAlloc","type":"gauge","value":439808}
{"id":"HeapSys","type":"gauge","value":3801088}
{"id":"MSpanInuse","type":"gauge","value":34720}
{"id":"PauseTotalNs","type":"gauge","value":0}
{"id":"MCacheInuse","type":"gauge","value":33824}
{"id":"HeapInuse","type":"gauge","value":1040384}
{"id":"Temperature","type":"gauge","value":25}
{"id":"NumForcedGC","type":"gauge","value":0}
{"id":"Frees","type":"gauge","value":30}
{"id":"HeapObjects","type":"gauge","value":790}
{"id":"MSpanSys","type":"gauge","value":48960}
{"id":"Mallocs","type":"gauge","value":820}
{"id":"OtherSys","type":"gauge","value":892177}
{"id":"Sys","type":"gauge","value":6904848}
{"id":"Alloc","type":"gauge","value":439808}
{"id":"StackInuse","type":"gauge","value":393216}
{"id":"RandomValue","type":"gauge","value":0.8521622807442931}
{"id":"GCCPUFraction","type":"gauge","value":0}
{"id":"GCSys","type":"gauge","value":1718936}
{"id":"LastGC","type":"gauge","value":0}
{"id":"TotalAlloc","type":"gauge","value":439808}
{"id":"HeapIdle","type":"gauge","value":2760704}
{"id":"NumGC","type":"gauge","value":0}
{"id":"HeapReleased","type":"gauge","value":2727936}
{"id":"NextGC","type":"gauge","value":4194304}
{"id":"Lookups","type":"gauge","value":0}
{"id":"PollCount","type":"counter","delta":125}
{"id":"Mallocs","type":"gauge","value":820}
{"id":"NumGC","type":"gauge","value":0}
{"id":"Mallocs","type":"gauge","value":820}
{"id":"Mallocs","type":"gauge","value":820}
{"id":"NumGC","type":"gauge","value":0}
{"id":"PauseTotalNs","type":"gauge","value":0}
{"id":"NumGC","type":"gauge","value":0}
{"id":"PauseTotalNs","type":"gauge","value":0}
{"id":"StackSys","type":"gauge","value":425984}
{"id":"Mallocs","type":"gauge","value":820}
{"id":"Mallocs","type":"gauge","value":820}
{"id":"NumGC","type":"gauge","value":0}
{"id":"PauseTotalNs","type":"gauge","value":0}
{"id":"StackSys","type":"gauge","value":425984}
{"id":"Alloc","type":"gauge","value":439808}
{"id":"StackSys","type":"gauge","value":425984}
{"id":"Alloc","type":"gauge","value":439808}
{"id":"BuckHashSys","type":"gauge","value":3359}
{"id":"Mallocs","type":"gauge","value":820}
{"id":"NumGC","type":"gauge","value":0}
{"id":"PauseTotalNs","type":"gauge","value":0}
{"id":"BuckHashSys","type":"gauge","value":3359}
{"id":"GCCPUFraction","type":"gauge","value":0}
{"id":"Mallocs","type":"gauge","value":820}
{"id":"NumGC","type":"gauge","value":0}
{"id":"PauseTotalNs","type":"gauge","value":0}
{"id":"StackSys","type":"gauge","value":425984}
{"id":"Alloc","type":"gauge","value":439808}
{"id":"PauseTotalNs","type":"gauge","value":0}
{"id":"StackSys","type":"gauge","value":425984}
{"id":"Alloc","type":"gauge","value":439808}
{"id":"BuckHashSys","type":"gauge","value":3359}
{"id":"GCCPUFraction","type":"gauge","value":0}
{"id":"HeapAlloc","type":"gauge","value":439808}
{"id":"Mallocs","type":"gauge","value":820}
{"id":"NumGC","type":"gauge","value":0}
{"id":"PauseTotalNs","type":"gauge","value":0}
{"id":"GCCPUFraction","type":"gauge","value":0}
{"id":"HeapAlloc","type":"gauge","value":439808}
{"id":"Mallocs","type":"gauge","value":820}
{"id":"NumGC","type":"gauge","value":0}
{"id":"StackSys","type":"gauge","value":425984}
{"id":"Alloc","type":"gauge","value":439808}
{"id":"BuckHashSys","type":"gauge","value":3359}
{"id":"HeapReleased","type":"gauge","value":2695168}
{"id":"Mallocs","type":"gauge","value":820}
{"id":"NumGC","type":"gauge","value":0}
{"id":"StackSys","type":"gauge","value":425984}
{"id":"Alloc","type":"gauge","value":439808}
{"id":"BuckHashSys","type":"gauge","value":3359}
{"id":"HeapReleased","type":"gauge","value":2695168}
{"id":"PauseTotalNs","type":"gauge","value":0}
{"id":"GCCPUFraction","type":"gauge","value":0}
{"id":"HeapAlloc","type":"gauge","value":439808}
{"id":"Lookups","type":"gauge","value":0}
{"id":"Mallocs","type":"gauge","value":820}
{"id":"NumGC","type":"gauge","value":0}
{"id":"StackSys","type":"gauge","value":425984}
{"id":"Alloc","type":"gauge","value":439808}
{"id":"BuckHashSys","type":"gauge","value":3359}
{"id":"HeapReleased","type":"gauge","value":2695168}
{"id":"Sys","type":"gauge","value":6904848}
{"id":"PauseTotalNs","type":"gauge","value":0}
{"id":"GCCPUFraction","type":"gauge","value":0}
{"id":"HeapAlloc","type":"gauge","value":439808}
{"id":"Lookups","type":"gauge","value":0}
{"id":"Mallocs","type":"gauge","value":820}
{"id":"NumGC","type":"gauge","value":0}
{"id":"StackSys","type":"gauge","value":425984}
{"id":"Alloc","type":"gauge","value":439808}
{"id":"BuckHashSys","type":"gauge","value":3359}
{"id":"HeapReleased","type":"gauge","value":2695168}
{"id":"Sys","type":"gauge","value":6904848}
{"id":"RandomValue","type":"gauge","value":0.6695514742712644}
{"id":"PauseTotalNs","type":"gauge","value":0}
{"id":"GCCPUFraction","type":"gauge","value":0}
{"id":"HeapAlloc","type":"gauge","value":439808}
{"id":"Lookups","type":"gauge","value":0}
{"id":"Mallocs","type":"gauge","value":820}
{"id":"NumGC","type":"gauge","value":0}
{"id":"StackSys","type":"gauge","value":425984}
{"id":"Alloc","type":"gauge","value":439808}
{"id":"BuckHashSys","type":"gauge","value":3359}
{"id":"HeapReleased","type":"gauge","value":2695168}
{"id":"Sys","type":"gauge","value":6904848}
{"id":"RandomValue","type":"gauge","value":0.6695514742712644}
{"id":"PauseTotalNs","type":"gauge","value":0}
{"id":"GCCPUFraction","type":"gauge","value":0}
{"id":"HeapAlloc","type":"gauge","value":439808}
{"id":"Lookups","type":"gauge","value":0}
{"id":"Frees","type":"gauge","value":30}
{"id":"GCCPUFraction","type":"gauge","value":0}
{"id":"HeapAlloc","type":"gauge","value":439808}
{"id":"Lookups","type":"gauge","value":0}
{"id":"Frees","type":"gauge","value":30}
{"id":"GCSys","type":"gauge","value":1718936}
{"id":"Mallocs","type":"gauge","value":820}
{"id":"NumGC","type":"gauge","value":0}
{"id":"StackSys","type":"gauge","value":425984}
{"id":"Alloc","type":"gauge","value":439808}
{"id":"BuckHashSys","type":"gauge","value":3359}
{"id":"HeapReleased","type":"gauge","value":2695168}
{"id":"Sys","type":"gauge","value":6904848}
{"id":"RandomValue","type":"gauge","value":0.6695514742712644}
{"id":"PauseTotalNs","type":"gauge","value":0}
{"id":"HeapAlloc","type":"gauge","value":439808}
{"id":"Lookups","type":"gauge","value":0}
{"id":"Frees","type":"gauge","value":30}
{"id":"StackSys","type":"gauge","value":425984}
{"id":"HeapReleased","type":"gauge","value":2695168}
{"id":"RandomValue","type":"gauge","value":0.6695514742712644}
{"id":"GCSys","type":"gauge","value":1718936}
{"id":"GCCPUFraction","type":"gauge","value":0}
{"id":"Mallocs","type":"gauge","value":820}
{"id":"NumGC","type":"gauge","value":0}
{"id":"Alloc","type":"gauge","value":439808}
{"id":"BuckHashSys","type":"gauge","value":3359}
{"id":"Sys","type":"gauge","value":6904848}
{"id":"MCacheInuse","type":"gauge","value":33824}
{"id":"PauseTotalNs","type":"gauge","value":0}
{"id":"MCacheInuse","type":"gauge","value":33824}
{"id":"PauseTotalNs","type":"gauge","value":0}
{"id":"HeapAlloc","type":"gauge","value":439808}
{"id":"Lookups","type":"gauge","value":0}
{"id":"Frees","type":"gauge","value":30}
{"id":"NumForcedGC","type":"gauge","value":0}
{"id":"StackSys","type":"gauge","value":425984}
{"id":"HeapReleased","type":"gauge","value":2695168}
{"id":"RandomValue","type":"gauge","value":0.6695514742712644}
{"id":"GCSys","type":"gauge","value":1718936}
{"id":"GCCPUFraction","type":"gauge","value":0}
{"id":"Mallocs","type":"gauge","value":820}
{"id":"NumGC","type":"gauge","value":0}
{"id":"Alloc","type":"gauge","value":439808}
{"id":"BuckHashSys","type":"gauge","value":3359}
{"id":"Sys","type":"gauge","value":6904848}
{"id":"GCCPUFraction","type":"gauge","value":0}
{"id":"OtherSys","type":"gauge","value":892177}
{"id":"Mallocs","type":"gauge","value":820}
{"id":"NumGC","type":"gauge","value":0}
{"id":"Alloc","type":"gauge","value":439808}
{"id":"BuckHashSys","type":"gauge","value":3359}
{"id":"Sys","type":"gauge","value":6904848}
{"id":"MCacheInuse","type":"gauge","value":33824}
{"id":"PauseTotalNs","type":"gauge","value":0}
{"id":"HeapAlloc","type":"gauge","value":439808}
{"id":"Lookups","type":"gauge","value":0}
{"id":"Frees","type":"gauge","value":30}
{"id":"NumForcedGC","type":"gauge","value":0}
{"id":"StackSys","type":"gauge","value":425984}
{"id":"HeapReleased","type":"gauge","value":2695168}
{"id":"RandomValue","type":"gauge","value":0.6695514742712644}
{"id":"GCSys","type":"gauge","value":1718936}
{"id":"GCCPUFraction","type":"gauge","value":0}
{"id":"OtherSys","type":"gauge","value":892177}
{"id":"Mallocs","type":"gauge","value":820}
{"id":"NumGC","type":"gauge","value":0}
{"id":"Alloc","type":"gauge","value":439808}
{"id":"BuckHashSys","type":"gauge","value":3359}
{"id":"Sys","type":"gauge","value":6904848}
{"id":"MCacheInuse","type":"gauge","value":33824}
{"id":"HeapIdle","type":"gauge","value":2727936}
{"id":"PauseTotalNs","type":"gauge","value":0}
{"id":"HeapAlloc","type":"gauge","value":439808}
{"id":"Lookups","type":"gauge","value":0}
{"id":"Frees","type":"gauge","value":30}
{"id":"NumForcedGC","type":"gauge","value":0}
{"id":"StackSys","type":"gauge","value":425984}
{"id":"HeapReleased","type":"gauge","value":2695168}
{"id":"RandomValue","type":"gauge","value":0.6695514742712644}
{"id":"GCSys","type":"gauge","value":1718936}
{"id":"GCCPUFraction","type":"gauge","value":0}
{"id":"OtherSys","type":"gauge","value":892177}
{"id":"HeapInuse","type":"gauge","value":1040384}
{"id":"Mallocs","type":"gauge","value":820}
{"id":"NumGC","type":"gauge","value":0}
{"id":"Alloc","type":"gauge","value":439808}
{"id":"BuckHashSys","type":"gauge","value":3359}
{"id":"Sys","type":"gauge","value":6904848}
{"id":"MCacheInuse","type":"gauge","value":33824}
{"id":"HeapIdle","type":"gauge","value":2727936}
{"id":"PauseTotalNs","type":"gauge","value":0}
{"id":"HeapAlloc","type":"gauge","value":439808}
{"id":"Lookups","type":"gauge","value":0}
{"id":"Frees","type":"gauge","value":30}
{"id":"NumForcedGC","type":"gauge","value":0}
{"id":"StackSys","type":"gauge","value":425984}
{"id":"HeapReleased","type":"gauge","value":2695168}
{"id":"RandomValue","type":"gauge","value":0.6695514742712644}
{"id":"GCSys","type":"gauge","value":1718936}
{"id":"HeapObjects","type":"gauge","value":790}
{"id":"PauseTotalNs","type":"gauge","value":0}
{"id":"HeapAlloc","type":"gauge","value":439808}
{"id":"Lookups","type":"gauge","value":0}
{"id":"Frees","type":"gauge","value":30}
{"id":"NumForcedGC","type":"gauge","value":0}
{"id":"StackSys","type":"gauge","value":425984}
{"id":"HeapReleased","type":"gauge","value":2695168}
{"id":"RandomValue","type":"gauge","value":0.6695514742712644}
{"id":"GCSys","type":"gauge","value":1718936}
{"id":"GCCPUFraction","type":"gauge","value":0}
{"id":"OtherSys","type":"gauge","value":892177}
{"id":"HeapInuse","type":"gauge","value":1040384}
{"id":"Mallocs","type":"gauge","value":820}
{"id":"NumGC","type":"gauge","value":0}
{"id":"Alloc","type":"gauge","value":439808}
{"id":"BuckHashSys","type":"gauge","value":3359}
{"id":"Sys","type":"gauge","value":6904848}
{"id":"MCacheInuse","type":"gauge","value":33824}
{"id":"HeapIdle","type":"gauge","value":2727936}
{"id":"GCCPUFraction","type":"gauge","value":0}
{"id":"OtherSys","type":"gauge","value":892177}
{"id":"HeapInuse","type":"gauge","value":1040384}
{"id":"Mallocs","type":"gauge","value":820}
{"id":"NumGC","type":"gauge","value":0}
{"id":"Alloc","type":"gauge","value":439808}
{"id":"BuckHashSys","type":"gauge","value":3359}
{"id":"Sys","type":"gauge","value":6904848}
{"id":"MCacheInuse","type":"gauge","value":33824}
{"id":"HeapIdle","type":"gauge","value":2727936}
{"id":"HeapObjects","type":"gauge","value":790}
{"id":"PauseTotalNs","type":"gauge","value":0}
{"id":"HeapAlloc","type":"gauge","value":439808}
{"id":"Lookups","type":"gauge","value":0}
{"id":"Frees","type":"gauge","value":30}
{"id":"NumForcedGC","type":"gauge","value":0}
{"id":"HeapSys","type":"gauge","value":3768320}
{"id":"StackSys","type":"gauge","value":425984}
{"id":"HeapReleased","type":"gauge","value":2695168}
{"id":"RandomValue","type":"gauge","value":0.6695514742712644}
{"id":"GCSys","type":"gauge","value":1718936}
{"id":"Lookups","type":"gauge","value":0}
{"id":"Frees","type":"gauge","value":30}
{"id":"NumForcedGC","type":"gauge","value":0}
{"id":"HeapSys","type":"gauge","value":3768320}
{"id":"NextGC","type":"gauge","value":4194304}
{"id":"StackSys","type":"gauge","value":425984}
{"id":"HeapReleased","type":"gauge","value":2695168}
{"id":"RandomValue","type":"gauge","value":0.6695514742712644}
{"id":"GCSys","type":"gauge","value":1718936}
{"id":"GCCPUFraction","type":"gauge","value":0}
{"id":"OtherSys","type":"gauge","value":892177}
{"id":"HeapInuse","type":"gauge","value":1040384}
{"id":"Mallocs","type":"gauge","value":820}
{"id":"NumGC","type":"gauge","value":0}
{"id":"Alloc","type":"gauge","value":439808}
{"id":"BuckHashSys","type":"gauge","value":3359}
{"id":"Sys","type":"gauge","value":6904848}
{"id":"MCacheInuse","type":"gauge","value":33824}
{"id":"HeapIdle","type":"gauge","value":2727936}
{"id":"HeapObjects","type":"gauge","value":790}
{"id":"PauseTotalNs","type":"gauge","value":0}
{"id":"HeapAlloc","type":"gauge","value":439808}
{"id":"GCCPUFraction","type":"gauge","value":0}
{"id":"OtherSys","type":"gauge","value":892177}
{"id":"HeapInuse","type":"gauge","value":1040384}
{"id":"Mallocs","type":"gauge","value":820}
{"id":"NumGC","type":"gauge","value":0}
{"id":"Alloc","type":"gauge","value":439808}
{"id":"BuckHashSys","type":"gauge","value":3359}
{"id":"Sys","type":"gauge","value":6904848}
{"id":"MCacheInuse","type":"gauge","value":33824}
{"id":"HeapIdle","type":"gauge","value":2727936}
{"id":"HeapObjects","type":"gauge","value":790}
{"id":"PauseTotalNs","type":"gauge","value":0}
{"id":"HeapAlloc","type":"gauge","value":439808}
{"id":"Lookups","type":"gauge","value":0}
{"id":"Frees","type":"gauge","value":30}
{"id":"NumForcedGC","type":"gauge","value":0}
{"id":"HeapSys","type":"gauge","value":3768320}
{"id":"NextGC","type":"gauge","value":4194304}
{"id":"StackInuse","type":"gauge","value":425984}
{"id":"StackSys","type":"gauge","value":425984}
{"id":"HeapReleased","type":"gauge","value":2695168}
{"id":"RandomValue","type":"gauge","value":0.6695514742712644}
{"id":"GCSys","type":"gauge","value":1718936}
{"id":"HeapInuse","type":"gauge","value":1040384}
{"id":"Mallocs","type":"gauge","value":820}
{"id":"NumGC","type":"gauge","value":0}
{"id":"Alloc","type":"gauge","value":439808}
{"id":"BuckHashSys","type":"gauge","value":3359}
{"id":"Sys","type":"gauge","value":6904848}
{"id":"MCacheInuse","type":"gauge","value":33824}
{"id":"HeapIdle","type":"gauge","value":2727936}
{"id":"HeapObjects","type":"gauge","value":790}
{"id":"PauseTotalNs","type":"gauge","value":0}
{"id":"HeapAlloc","type":"gauge","value":439808}
{"id":"Lookups","type":"gauge","value":0}
{"id":"Frees","type":"gauge","value":30}
{"id":"NumForcedGC","type":"gauge","value":0}
{"id":"HeapSys","type":"gauge","value":3768320}
{"id":"NextGC","type":"gauge","value":4194304}
{"id":"StackInuse","type":"gauge","value":425984}
{"id":"StackSys","type":"gauge","value":425984}
{"id":"HeapReleased","type":"gauge","value":2695168}
{"id":"RandomValue","type":"gauge","value":0.6695514742712644}
{"id":"GCSys","type":"gauge","value":1718936}
{"id":"TotalAlloc","type":"gauge","value":439808}
{"id":"GCCPUFraction","type":"gauge","value":0}
{"id":"OtherSys","type":"gauge","value":892177}
{"id":"OtherSys","type":"gauge","value":892177}
{"id":"HeapInuse","type":"gauge","value":1040384}
{"id":"LastGC","type":"gauge","value":0}
{"id":"Mallocs","type":"gauge","value":820}
{"id":"NumGC","type":"gauge","value":0}
{"id":"Alloc","type":"gauge","value":439808}
{"id":"BuckHashSys","type":"gauge","value":3359}
{"id":"Sys","type":"gauge","value":6904848}
{"id":"MCacheInuse","type":"gauge","value":33824}
{"id":"HeapIdle","type":"gauge","value":2727936}
{"id":"HeapObjects","type":"gauge","value":790}
{"id":"PauseTotalNs","type":"gauge","value":0}
{"id":"HeapAlloc","type":"gauge","value":439808}
{"id":"Lookups","type":"gauge","value":0}
{"id":"Frees","type":"gauge","value":30}
{"id":"NumForcedGC","type":"gauge","value":0}
{"id":"HeapSys","type":"gauge","value":3768320}
{"id":"NextGC","type":"gauge","value":4194304}
{"id":"StackInuse","type":"gauge","value":425984}
{"id":"StackSys","type":"gauge","value":425984}
{"id":"HeapReleased","type":"gauge","value":2695168}
{"id":"RandomValue","type":"gauge","value":0.6695514742712644}
{"id":"GCSys","type":"gauge","value":1718936}
{"id":"TotalAlloc","type":"gauge","value":439808}
{"id":"GCCPUFraction","type":"gauge","value":0}
{"id":"NumGC","type":"gauge","value":0}
{"id":"Alloc","type":"gauge","value":439808}
{"id":"BuckHashSys","type":"gauge","value":3359}
{"id":"Sys","type":"gauge","value":6904848}
{"id":"MCacheInuse","type":"gauge","value":33824}
{"id":"HeapIdle","type":"gauge","value":2727936}
{"id":"HeapObjects","type":"gauge","value":790}
{"id":"PauseTotalNs","type":"gauge","value":0}
{"id":"HeapAlloc","type":"gauge","value":439808}
{"id":"Lookups","type":"gauge","value":0}
{"id":"Frees","type":"gauge","value":30}
{"id":"NumForcedGC","type":"gauge","value":0}
{"id":"HeapSys","type":"gauge","value":3768320}
{"id":"NextGC","type":"gauge","value":4194304}
{"id":"StackInuse","type":"gauge","value":425984}
{"id":"StackSys","type":"gauge","value":425984}
{"id":"HeapReleased","type":"gauge","value":2695168}
{"id":"RandomValue","type":"gauge","value":0.6695514742712644}
{"id":"GCSys","type":"gauge","value":1718936}
{"id":"TotalAlloc","type":"gauge","value":439808}
{"id":"MCacheSys","type":"gauge","value":47112}
{"id":"GCCPUFraction","type":"gauge","value":0}
{"id":"OtherSys","type":"gauge","value":892177}
{"id":"HeapInuse","type":"gauge","value":1040384}
{"id":"LastGC","type":"gauge","value":0}
{"id":"Mallocs","type":"gauge","value":820}
{"id":"HeapAlloc","type":"gauge","value":439808}
{"id":"Lookups","type":"gauge","value":0}
{"id":"Frees","type":"gauge","value":30}
{"id":"NumForcedGC","type":"gauge","value":0}
{"id":"HeapSys","type":"gauge","value":3768320}
{"id":"NextGC","type":"gauge","value":4194304}
{"id":"StackInuse","type":"gauge","value":425984}
{"id":"StackSys","type":"gauge","value":425984}
{"id":"HeapReleased","type":"gauge","value":2695168}
{"id":"RandomValue","type":"gauge","value":0.6695514742712644}
{"id":"GCSys","type":"gauge","value":1718936}
{"id":"TotalAlloc","type":"gauge","value":439808}
{"id":"MCacheSys","type":"gauge","value":47112}
{"id":"MSpanInuse","type":"gauge","value":34720}
{"id":"GCCPUFraction","type":"gauge","value":0}
{"id":"OtherSys","type":"gauge","value":892177}
{"id":"HeapInuse","type":"gauge","value":1040384}
{"id":"LastGC","type":"gauge","value":0}
{"id":"Mallocs","type":"gauge","value":820}
{"id":"NumGC","type":"gauge","value":0}
{"id":"Alloc","type":"gauge","value":439808}
{"id":"BuckHashSys","type":"gauge","value":3359}
{"id":"Sys","type":"gauge","value":6904848}
{"id":"MCacheInuse","type":"gauge","value":33824}
{"id":"HeapIdle","type":"gauge","value":2727936}
{"id":"HeapObjects","type":"gauge","value":790}
{"id":"PauseTotalNs","type":"gauge","value":0}
{"id":"HeapAlloc","type":"gauge","value":439808}
{"id":"Lookups","type":"gauge","value":0}
{"id":"Frees","type":"gauge","value":30}
{"id":"NumForcedGC","type":"gauge","value":0}
{"id":"HeapSys","type":"gauge","value":3768320}
{"id":"NextGC","type":"gauge","value":4194304}
{"id":"StackInuse","type":"gauge","value":425984}
{"id":"StackSys","type":"gauge","value":425984}
{"id":"HeapReleased","type":"gauge","value":2695168}
{"id":"RandomValue","type":"gauge","value":0.6695514742712644}
{"id":"GCSys","type":"gauge","value":1718936}
{"id":"TotalAlloc","type":"gauge","value":439808}
{"id":"MCacheSys","type":"gauge","value":47112}
{"id":"MSpanInuse","type":"gauge","value":34720}
{"id":"MSpanSys","type":"gauge","value":48960}
{"id":"GCCPUFraction","type":"gauge","value":0}
{"id":"OtherSys","type":"gauge","value":892177}
{"id":"HeapInuse","type":"gauge","value":1040384}
{"id":"LastGC","type":"gauge","value":0}
{"id":"Mallocs","type":"gauge","value":820}
{"id":"NumGC","type":"gauge","value":0}
{"id":"Alloc","type":"gauge","value":439808}
{"id":"BuckHashSys","type":"gauge","value":3359}
{"id":"Sys","type":"gauge","value":6904848}
{"id":"MCacheInuse","type":"gauge","value":33824}
{"id":"HeapIdle","type":"gauge","value":2727936}
{"id":"HeapObjects","type":"gauge","value":790}
{"id":"PauseTotalNs","type":"gauge","value":0}
{"id":"TotalAlloc","type":"gauge","value":439808}
{"id":"MCacheSys","type":"gauge","value":47112}
{"id":"MSpanInuse","type":"gauge","value":34720}
{"id":"MSpanSys","type":"gauge","value":48960}
{"id":"GCCPUFraction","type":"gauge","value":0}
{"id":"OtherSys","type":"gauge","value":892177}
{"id":"HeapInuse","type":"gauge","value":1040384}
{"id":"LastGC","type":"gauge","value":0}
{"id":"Mallocs","type":"gauge","value":820}
{"id":"NumGC","type":"gauge","value":0}
{"id":"Alloc","type":"gauge","value":439808}
{"id":"BuckHashSys","type":"gauge","value":3359}
{"id":"Sys","type":"gauge","value":6904848}
{"id":"MCacheInuse","type":"gauge","value":33824}
{"id":"HeapIdle","type":"gauge","value":2727936}
{"id":"HeapObjects","type":"gauge","value":790}
{"id":"PauseTotalNs","type":"gauge","value":0}
{"id":"HeapAlloc","type":"gauge","value":439808}
{"id":"Lookups","type":"gauge","value":0}
{"id":"Frees","type":"gauge","value":30}
{"id":"NumForcedGC","type":"gauge","value":0}
{"id":"HeapSys","type":"gauge","value":3768320}
{"id":"NextGC","type":"gauge","value":4194304}
{"id":"StackInuse","type":"gauge","value":425984}
{"id":"StackSys","type":"gauge","value":425984}
{"id":"HeapReleased","type":"gauge","value":2695168}
{"id":"RandomValue","type":"gauge","value":0.6695514742712644}
{"id":"GCSys","type":"gauge","value":1718936}
{"id":"PollCount","type":"counter","delta":5}
